// Jest Snapshot v1, https://goo.gl/fbAQLP

exports[`Loader component should render Loader component 1`] = `ShallowWrapper {}`;
